
> my-project@0.1.0 build
> next build

node.exe : ΓÜá `eslint` 
configuration in 
next.config.mjs is no 
longer supported. See more 
info here: https://nextjs.o
rg/docs/app/api-reference/c
li/next#next-lint-options
At line:1 char:1
+ & "C:\Program 
Files\nodejs/node.exe" 
"C:\Program 
Files\nodejs/node_mo ...
+ ~~~~~~~~~~~~~~~~~~~~~~~~~
~~~~~~~~~~~~~~~~~~~~~~~~~~~
~~~~~~~~~~~~~~~~~
    + CategoryInfo         
     : NotSpecified: (ΓÜá 
`es    lint` 
co...xt-lint-optio    
ns:String) [], RemoteExc   
 eption
    + 
FullyQualifiedErrorId     
: NativeCommandError
 
ΓÜá Invalid 
next.config.mjs options 
detected: 
ΓÜá     Unrecognized 
key(s) in object: 'eslint'
ΓÜá See more info here: htt
ps://nextjs.org/docs/messag
es/invalid-next-config
Γû▓ Next.js 16.2.0 (Turbopack)
- Environments: .env.local

ΓÜá The "middleware" file 
convention is deprecated. 
Please use "proxy" 
instead. Learn more: https:
//nextjs.org/docs/messages/
middleware-to-proxy
  Creating an optimized production build ...
Γ£ô Compiled successfully in 10.2s
  Skipping validation of types
  Finished TypeScript config validation in 42ms ...
  Collecting page data using 11 workers ...
ΓÜá Using edge runtime on 
a page currently disables 
static generation for that 
page
  Generating static pages using 11 workers (0/24) ...
  Generating static pages using 11 workers (6/24) 
  Generating static pages using 11 workers (12/24) 
  Generating static pages using 11 workers (18/24) 
Γ£ô Generating static pages using 11 workers (24/24) in 2.4s
  Finalizing page optimization ...

Route (app)
Γöî Γùï /
Γö£ Γùï /_not-found
Γö£ ╞Æ /api/appfactory
Γö£ ╞Æ /api/chat
Γö£ ╞Æ /api/compare
Γö£ ╞Æ /api/compare/vote
Γö£ ╞Æ /api/cron/ping
Γö£ ╞Æ /api/execute
Γö£ ╞Æ /api/image
Γö£ ╞Æ /api/imagine
Γö£ ╞Æ /api/memory/export
Γö£ ╞Æ /api/memory/extract
Γö£ ╞Æ /api/memory/retrieve
Γö£ ╞Æ /api/parse
Γö£ ╞Æ /api/search
Γö£ ╞Æ /api/subscription/create
Γö£ ╞Æ /api/subscription/pricing
Γö£ ╞Æ /api/subscription/webhook
Γö£ ╞Æ /api/transcribe
Γö£ ╞Æ /api/voice/tts
Γö£ ╞Æ /auth/callback
Γö£ Γùï /auth/error
Γö£ Γùï /auth/login
Γö£ Γùï /auth/sign-up
Γö£ Γùï /auth/sign-up-success
Γö£ Γùï /chat
Γö£ Γùï /demo
Γö£ Γùï /pricing
Γöö Γùï /settings


╞Æ Proxy (Middleware)

Γùï  (Static)   prerendered as static content
╞Æ  (Dynamic)  server-rendered on demand

