app/api/memory/export/route.ts(2,22): error TS7016: Could not find a declaration file for module 'jsonwebtoken'. 'C:/Users/elect/Downloads/zero ai/node_modules/jsonwebtoken/index.js' implicitly has an 'any' type.
  Try `npm i --save-dev @types/jsonwebtoken` if it exists or add a new declaration (.d.ts) file containing `declare module 'jsonwebtoken';`
app/api/parse/route.ts(14,50): error TS2339: Property 'default' does not exist on type 'typeof import("C:/Users/elect/Downloads/zero ai/node_modules/pdf-parse/dist/pdf-parse/esm/index")'.
